# Phase 2 Log

## 2026-05-26

- Started Phase 2 on branch `dev` with a clean worktree.
- User-approved scope:
  - complete Phase 2 SQLite persistence,
  - keep using current Phase 1 trading logic,
  - use task slices and commits,
  - write this Phase 2 log like the Phase 1 handoff log,
  - avoid experimental escalation if a problem appears hard or unsafe.
- User granted permission to push Phase 2 task-slice commits to `origin/dev`.
- Planned implementation order:
  - SQLite connection/bootstrap and WAL,
  - schema creation,
  - repositories with temporary SQLite tests,
  - runtime persistence integration,
  - config version recording,
  - TODO/log updates and full verification.
- Implemented first storage slice:
  - added `src/bybit_automation/storage/`,
  - added SQLite connection/bootstrap helpers,
  - added idempotent schema creation with `schema_meta`,
  - added tables for orders, order events, position snapshots, strategy
    decisions, risk events, bot state, config versions, and trailing state,
  - added repository classes for append/read operations,
  - added temporary database tests for WAL, idempotent bootstrap, persistence
    across reopen, config version recording, and config-driven database opening.
- Verification for first storage slice:
  - `uv run pytest tests/test_storage.py` passed with 5 tests.
  - `uv run ruff check src/bybit_automation/storage tests/test_storage.py`
    passed.
- Committed and pushed first slice:
  - `ea348e1 feat: add sqlite storage foundation`
- Implemented runtime persistence slice:
  - `BotRuntime` now accepts optional `PersistenceRepositories`,
  - runtime restores saved trailing state during initialization,
  - position snapshots are persisted after position sync,
  - risk decisions and trailing state are persisted during risk evaluation,
  - strategy decisions are persisted during strategy evaluation,
  - order results are persisted after `OrderManager` returns,
  - last tick metadata is stored in `bot_state`.
- Added runtime persistence tests for:
  - strategy/order/bot-state persistence,
  - restoring and re-saving trailing state,
  - existing runtime tests still running without repositories.
- Verification for runtime persistence slice:
  - `uv run pytest tests/test_runtime_persistence.py tests/test_runtime.py tests/test_storage.py`
    passed with 11 tests.
  - `uv run ruff check src/bybit_automation/app.py src/bybit_automation/storage tests/test_runtime_persistence.py tests/test_storage.py`
    passed.
- Committed and pushed runtime persistence slice:
  - `74b90bc feat: persist runtime decisions and state`
- Implemented config version and CLI integration slice:
  - CLI startup now opens the configured SQLite database,
  - CLI records the loaded config file in `config_versions`,
  - CLI passes repositories into `BotRuntime`,
  - CLI closes the SQLite connection after the smoke tick.
- Added an integration test proving `run_with_config()` bootstraps SQLite,
  records config version, persists strategy decisions, and writes bot state.
- Verification for config/CLI slice:
  - `uv run pytest tests/test_main.py tests/test_storage.py tests/test_runtime_persistence.py`
    passed with 8 tests.
  - `uv run ruff check src/bybit_automation/main.py tests/test_main.py`
    passed.
- Committed and pushed config/CLI slice:
  - `557bc4b feat: record config versions on startup`
- Completed Phase 2 documentation and handoff updates:
  - marked all Phase 2 TODO items complete,
  - updated README to describe SQLite persistence and Phase 3 readiness,
  - updated `.agents/AGENTS.md` immediate next step to Phase 3,
  - corrected package docstring naming.
- Final Phase 2 verification:
  - `uv run pytest` passed with 39 tests.
  - `uv run ruff check .` passed.
  - `uv run bybit-automation` passed and stayed in `dry_run` mode.
- Runtime artifact note:
  - CLI smoke created `data/bot.sqlite3` locally as expected,
  - `data/` is ignored by git.
- Phase 2 is complete according to `.agents/TODO.md`.
- Known remaining work moves to Phase 3:
  - startup reconciliation against exchange open orders and positions,
  - `SAFE_MODE` transitions,
  - graceful shutdown behavior.
